// Jest Snapshot v1, https://goo.gl/fbAQLP

exports[`Frontpage renders frontpage correctly 1`] = `
<section
  className="parties"
>
  <a
    className="party"
    href="/flokkur/bjort-framtid"
    onClick={[Function]}
  >
    <span
      className="imgWrap"
    >
      <img
        className="image"
        src="https://assets.voliprav.si/party-icons/bjort-framtid.png"
      />
    </span>
    <span
      className="info"
    >
      <h3
        className="name"
      >
        Björt Framtíð
      </h3>
      <p
        className="leader"
      >
        Óttarr Proppé
      </p>
      <span
        className="letter"
      >
        <span>
          x
        </span>
        A
      </span>
    </span>
  </a>
  <a
    className="party"
    href="/flokkur/framsoknarflokkurinn"
    onClick={[Function]}
  >
    <span
      className="imgWrap"
    >
      <img
        className="image"
        src="https://assets.voliprav.si/party-icons/framsoknarflokkurinn.png"
      />
    </span>
    <span
      className="info"
    >
      <h3
        className="name"
      >
        Framsóknarflokkurinn
      </h3>
      <p
        className="leader"
      >
        Sigurður Ingi Jóhannsson
      </p>
      <span
        className="letter"
      >
        <span>
          x
        </span>
        B
      </span>
    </span>
  </a>
  <a
    className="party"
    href="/flokkur/vidreisn"
    onClick={[Function]}
  >
    <span
      className="imgWrap"
    >
      <img
        className="image"
        src="https://assets.voliprav.si/party-icons/vidreisn.png"
      />
    </span>
    <span
      className="info"
    >
      <h3
        className="name"
      >
        Viðreisn
      </h3>
      <p
        className="leader"
      >
        Þorgerður Katrín Gunnarsdóttir
      </p>
      <span
        className="letter"
      >
        <span>
          x
        </span>
        C
      </span>
    </span>
  </a>
  <a
    className="party"
    href="/flokkur/sjalfstaedisflokkurinn"
    onClick={[Function]}
  >
    <span
      className="imgWrap"
    >
      <img
        className="image"
        src="https://assets.voliprav.si/party-icons/sjalfstaedisflokkurinn.png"
      />
    </span>
    <span
      className="info"
    >
      <h3
        className="name"
      >
        Sjálfstæðisflokkurinn
      </h3>
      <p
        className="leader"
      >
        Bjarni Benediktsson
      </p>
      <span
        className="letter"
      >
        <span>
          x
        </span>
        D
      </span>
    </span>
  </a>
  <a
    className="party"
    href="/flokkur/flokkur-folksins"
    onClick={[Function]}
  >
    <span
      className="imgWrap"
    >
      <img
        className="image"
        src="https://assets.voliprav.si/party-icons/flokkur-folksins.png"
      />
    </span>
    <span
      className="info"
    >
      <h3
        className="name"
      >
        Flokkur Fólksins
      </h3>
      <p
        className="leader"
      >
        Inga Sæland
      </p>
      <span
        className="letter"
      >
        <span>
          x
        </span>
        F
      </span>
    </span>
  </a>
  <a
    className="party"
    href="/flokkur/midflokkurinn"
    onClick={[Function]}
  >
    <span
      className="imgWrap"
    >
      <img
        className="image"
        src="https://assets.voliprav.si/party-icons/midflokkurinn.png"
      />
    </span>
    <span
      className="info"
    >
      <h3
        className="name"
      >
        Miðflokkurinn
      </h3>
      <p
        className="leader"
      >
        Sigmundur Davíð Gunnlaugsson
      </p>
      <span
        className="letter"
      >
        <span>
          x
        </span>
        M
      </span>
    </span>
  </a>
  <a
    className="party"
    href="/flokkur/piratar"
    onClick={[Function]}
  >
    <span
      className="imgWrap"
    >
      <img
        className="image"
        src="https://assets.voliprav.si/party-icons/piratar.png"
      />
    </span>
    <span
      className="info"
    >
      <h3
        className="name"
      >
        Píratar
      </h3>
      <p
        className="leader"
      >
        Þór­hild­ur Sunna Ævars­dótt­ir
      </p>
      <span
        className="letter"
      >
        <span>
          x
        </span>
        P
      </span>
    </span>
  </a>
  <a
    className="party"
    href="/flokkur/althydufylkingin"
    onClick={[Function]}
  >
    <span
      className="imgWrap"
    >
      <img
        className="image"
        src="https://assets.voliprav.si/party-icons/althydufylkingin.png"
      />
    </span>
    <span
      className="info"
    >
      <h3
        className="name"
      >
        Alþýðufylkingin
      </h3>
      <p
        className="leader"
      >
        Þorvaldur Þorvaldsson
      </p>
      <span
        className="letter"
      >
        <span>
          x
        </span>
        R
      </span>
    </span>
  </a>
  <a
    className="party"
    href="/flokkur/samfylkingin"
    onClick={[Function]}
  >
    <span
      className="imgWrap"
    >
      <img
        className="image"
        src="https://assets.voliprav.si/party-icons/samfylkingin.png"
      />
    </span>
    <span
      className="info"
    >
      <h3
        className="name"
      >
        Samfylkingin
      </h3>
      <p
        className="leader"
      >
        Logi Einarsson
      </p>
      <span
        className="letter"
      >
        <span>
          x
        </span>
        S
      </span>
    </span>
  </a>
  <a
    className="party"
    href="/flokkur/dogun"
    onClick={[Function]}
  >
    <span
      className="imgWrap"
    >
      <img
        className="image"
        src="https://assets.voliprav.si/party-icons/dogun.png"
      />
    </span>
    <span
      className="info"
    >
      <h3
        className="name"
      >
        Dögun
      </h3>
      <p
        className="leader"
      >
        Pálmey Gísladóttir
      </p>
      <span
        className="letter"
      >
        <span>
          x
        </span>
        T
      </span>
    </span>
  </a>
  <a
    className="party"
    href="/flokkur/vinstri-graen"
    onClick={[Function]}
  >
    <span
      className="imgWrap"
    >
      <img
        className="image"
        src="https://assets.voliprav.si/party-icons/vinstri-graen.png"
      />
    </span>
    <span
      className="info"
    >
      <h3
        className="name"
      >
        Vinstri Græn
      </h3>
      <p
        className="leader"
      >
        Katrín Jakobsdóttir
      </p>
      <span
        className="letter"
      >
        <span>
          x
        </span>
        V
      </span>
    </span>
  </a>
  <div
    className="emptyParty"
  />
</section>
`;
